[    0.000000] Initializing cgroup subsys cpuset
[    0.000000] Initializing cgroup subsys cpu
[    0.000000] Initializing cgroup subsys cpuacct
[    0.000000] Linux version 4.4.0-201-generic (buildd@lgw01-amd64-044) (gcc version 5.4.0 20160609 (Ubuntu 5.4.0-6ubuntu1~16.04.12) ) #233-Ubuntu SMP Thu Jan 14 06:10:28 UTC 2021 (Ubuntu 4.4.0-201.233-generic 4.4.247)
[    0.000000] Command line: BOOT_IMAGE=/boot/vmlinuz-4.4.0-201-generic root=LABEL=cloudimg-rootfs ro console=tty1 console=ttyS0
[    0.000000] KERNEL supported cpus:
[    0.000000]   Intel GenuineIntel
[    0.000000]   AMD AuthenticAMD
[    0.000000]   Centaur CentaurHauls
[    0.000000] x86/fpu: Legacy x87 FPU detected.
[    0.000000] e820: BIOS-provided physical RAM map:
[    0.000000] BIOS-e820: [mem 0x0000000000000000-0x000000000009fbff] usable
[    0.000000] BIOS-e820: [mem 0x000000000009fc00-0x000000000009ffff] reserved
[    0.000000] BIOS-e820: [mem 0x00000000000f0000-0x00000000000fffff] reserved
[    0.000000] BIOS-e820: [mem 0x0000000000100000-0x000000007ffeffff] usable
[    0.000000] BIOS-e820: [mem 0x000000007fff0000-0x000000007fffffff] ACPI data
[    0.000000] BIOS-e820: [mem 0x00000000fec00000-0x00000000fec00fff] reserved
[    0.000000] BIOS-e820: [mem 0x00000000fee00000-0x00000000fee00fff] reserved
[    0.000000] BIOS-e820: [mem 0x00000000fffc0000-0x00000000ffffffff] reserved
[    0.000000] NX (Execute Disable) protection: active
[    0.000000] SMBIOS 2.5 present.
[    0.000000] Hypervisor detected: KVM
[    0.000000] e820: last_pfn = 0x7fff0 max_arch_pfn = 0x400000000
[    0.000000] MTRR: Disabled
[    0.000000] x86/PAT: MTRRs disabled, skipping PAT initialization too.
[    0.000000] CPU MTRRs all blank - virtualized system.
[    0.000000] x86/PAT: Configuration [0-7]: WB  WT  UC- UC  WB  WT  UC- UC  
[    0.000000] found SMP MP-table at [mem 0x0009fff0-0x0009ffff] mapped at [ffff88000009fff0]
[    0.000000] Scanning 1 areas for low memory corruption
[    0.000000] RAMDISK: [mem 0x362e0000-0x37167fff]
[    0.000000] ACPI: Early table checksum verification disabled
[    0.000000] ACPI: RSDP 0x00000000000E0000 000024 (v02 VBOX  )
[    0.000000] ACPI: XSDT 0x000000007FFF0030 00003C (v01 VBOX   VBOXXSDT 00000001 ASL  00000061)
[    0.000000] ACPI: FACP 0x000000007FFF00F0 0000F4 (v04 VBOX   VBOXFACP 00000001 ASL  00000061)
[    0.000000] ACPI: DSDT 0x000000007FFF0470 002325 (v02 VBOX   VBOXBIOS 00000002 INTL 20100528)
[    0.000000] ACPI: FACS 0x000000007FFF0200 000040
[    0.000000] ACPI: FACS 0x000000007FFF0200 000040
[    0.000000] ACPI: APIC 0x000000007FFF0240 00005C (v02 VBOX   VBOXAPIC 00000001 ASL  00000061)
[    0.000000] ACPI: SSDT 0x000000007FFF02A0 0001CC (v01 VBOX   VBOXCPUT 00000002 INTL 20100528)
[    0.000000] No NUMA configuration found
[    0.000000] Faking a node at [mem 0x0000000000000000-0x000000007ffeffff]
[    0.000000] NODE_DATA(0) allocated [mem 0x7ffeb000-0x7ffeffff]
[    0.000000] kvm-clock: Using msrs 4b564d01 and 4b564d00
[    0.000000] kvm-clock: cpu 0, msr 0:7ffe3001, primary cpu clock
[    0.000000] kvm-clock: using sched offset of 6593749435 cycles
[    0.000000] clocksource: kvm-clock: mask: 0xffffffffffffffff max_cycles: 0x1cd42e4dffb, max_idle_ns: 881590591483 ns
[    0.000000] Zone ranges:
[    0.000000]   DMA      [mem 0x0000000000001000-0x0000000000ffffff]
[    0.000000]   DMA32    [mem 0x0000000001000000-0x000000007ffeffff]
[    0.000000]   Normal   empty
[    0.000000]   Device   empty
[    0.000000] Movable zone start for each node
[    0.000000] Early memory node ranges
[    0.000000]   node   0: [mem 0x0000000000001000-0x000000000009efff]
[    0.000000]   node   0: [mem 0x0000000000100000-0x000000007ffeffff]
[    0.000000] Initmem setup node 0 [mem 0x0000000000001000-0x000000007ffeffff]
[    0.000000] ACPI: PM-Timer IO Port: 0x4008
[    0.000000] IOAPIC[0]: apic_id 2, version 32, address 0xfec00000, GSI 0-23
[    0.000000] ACPI: INT_SRC_OVR (bus 0 bus_irq 0 global_irq 2 dfl dfl)
[    0.000000] ACPI: INT_SRC_OVR (bus 0 bus_irq 9 global_irq 9 low level)
[    0.000000] Using ACPI (MADT) for SMP configuration information
[    0.000000] smpboot: Allowing 2 CPUs, 0 hotplug CPUs
[    0.000000] PM: Registered nosave memory: [mem 0x00000000-0x00000fff]
[    0.000000] PM: Registered nosave memory: [mem 0x0009f000-0x0009ffff]
[    0.000000] PM: Registered nosave memory: [mem 0x000a0000-0x000effff]
[    0.000000] PM: Registered nosave memory: [mem 0x000f0000-0x000fffff]
[    0.000000] e820: [mem 0x80000000-0xfebfffff] available for PCI devices
[    0.000000] Booting paravirtualized kernel on KVM
[    0.000000] clocksource: refined-jiffies: mask: 0xffffffff max_cycles: 0xffffffff, max_idle_ns: 7645519600211568 ns
[    0.000000] setup_percpu: NR_CPUS:512 nr_cpumask_bits:512 nr_cpu_ids:2 nr_node_ids:1
[    0.000000] PERCPU: Embedded 33 pages/cpu @ffff88007fc00000 s95640 r8192 d31336 u1048576
[    0.000000] Built 1 zonelists in Node order, mobility grouping on.  Total pages: 515960
[    0.000000] Policy zone: DMA32
[    0.000000] Kernel command line: BOOT_IMAGE=/boot/vmlinuz-4.4.0-201-generic root=LABEL=cloudimg-rootfs ro console=tty1 console=ttyS0
[    0.000000] PID hash table entries: 4096 (order: 3, 32768 bytes)
[    0.000000] Memory: 2029856K/2096696K available (8641K kernel code, 1337K rwdata, 4044K rodata, 1492K init, 1296K bss, 66840K reserved, 0K cma-reserved)
[    0.000000] SLUB: HWalign=64, Order=0-3, MinObjects=0, CPUs=2, Nodes=1
[    0.000000] Kernel/User page tables isolation: enabled
[    0.000000] Hierarchical RCU implementation.
[    0.000000] 	Build-time adjustment of leaf fanout to 64.
[    0.000000] 	RCU restricting CPUs from NR_CPUS=512 to nr_cpu_ids=2.
[    0.000000] RCU: Adjusting geometry for rcu_fanout_leaf=64, nr_cpu_ids=2
[    0.000000] NR_IRQS:33024 nr_irqs:440 16
[    0.000000] Console: colour VGA+ 80x25
[    0.000000] console [tty1] enabled
[    0.000000] console [ttyS0] enabled
[    0.000000] tsc: Detected 1799.999 MHz processor
[    1.675578] Calibrating delay loop (skipped) preset value.. 3599.99 BogoMIPS (lpj=7199996)
[    1.684856] pid_max: default: 32768 minimum: 301
[    1.693479] ACPI: Core revision 20150930
[    1.704501] ACPI: 2 ACPI AML tables successfully acquired and loaded
[    1.723721] Security Framework initialized
[    1.732919] Yama: becoming mindful.
[    1.738809] AppArmor: AppArmor initialized
[    1.749286] Dentry cache hash table entries: 262144 (order: 9, 2097152 bytes)
[    1.790139] Inode-cache hash table entries: 131072 (order: 8, 1048576 bytes)
[    1.813781] Mount-cache hash table entries: 4096 (order: 3, 32768 bytes)
[    1.827205] Mountpoint-cache hash table entries: 4096 (order: 3, 32768 bytes)
[    1.843718] Initializing cgroup subsys io
[    1.853445] Initializing cgroup subsys memory
[    1.864161] Initializing cgroup subsys devices
[    1.873588] Initializing cgroup subsys freezer
[    1.883266] Initializing cgroup subsys net_cls
[    1.893520] Initializing cgroup subsys perf_event
[    1.902868] Initializing cgroup subsys net_prio
[    1.910291] Initializing cgroup subsys hugetlb
[    1.922321] Initializing cgroup subsys pids
[    1.932967] mce: CPU supports 0 MCE banks
[    1.943632] Last level iTLB entries: 4KB 64, 2MB 8, 4MB 8
[    1.961627] Last level dTLB entries: 4KB 64, 2MB 0, 4MB 0, 1GB 4
[    1.976436] Spectre V1 : Mitigation: usercopy/swapgs barriers and __user pointer sanitization
[    1.997936] Spectre V2 : Mitigation: Full generic retpoline
[    2.014744] Spectre V2 : Spectre v2 / SpectreRSB mitigation: Filling RSB on context switch
[    2.043315] Speculative Store Bypass: Vulnerable
[    2.058602] MDS: Mitigation: Clear CPU buffers
[    2.144777] Freeing SMP alternatives memory: 36K
[    2.267951] ftrace: allocating 32361 entries in 127 pages
[    3.862250] smpboot: APIC(0) Converting physical 0 to logical package 0
[    3.879000] smpboot: Max logical packages: 1
[    3.935741] ..TIMER: vector=0x30 apic1=0 pin1=2 apic2=-1 pin2=-1
[    4.066278] smpboot: CPU0: Intel(R) Core(TM) i5-8250U CPU @ 1.60GHz (family: 0x6, model: 0x8e, stepping: 0xa)
[    4.081446] Performance Events: unsupported p6 CPU model 142 no PMU driver, software events only.
[    4.230566] KVM setup paravirtual spinlock
[    4.246834] x86: Booting SMP configuration:
[    4.256391] .... node  #0, CPUs:      #1
[    4.269121] kvm-clock: cpu 1, msr 0:7ffe3041, secondary cpu clock
[    4.281261] mce: CPU supports 0 MCE banks
[    4.288324] TSC synchronization [CPU#0 -> CPU#1]:
[    4.298798] Measured 148645 cycles TSC warp between CPUs, turning off TSC clock.
[    4.314317] tsc: Marking TSC unstable due to check_tsc_sync_source failed
[    0.768579] x86: Booted up 1 node, 2 CPUs
[    0.772007] smpboot: Total of 2 processors activated (7199.99 BogoMIPS)
[    0.792535] devtmpfs: initialized
[    0.806614] evm: security.selinux
[    0.808002] evm: security.SMACK64
[    0.812007] evm: security.SMACK64EXEC
[    0.816002] evm: security.SMACK64TRANSMUTE
[    0.820005] evm: security.SMACK64MMAP
[    0.824005] evm: security.ima
[    0.828005] evm: security.capability
[    0.832928] clocksource: jiffies: mask: 0xffffffff max_cycles: 0xffffffff, max_idle_ns: 7645041785100000 ns
[    0.836024] futex hash table entries: 512 (order: 3, 32768 bytes)
[    0.840596] pinctrl core: initialized pinctrl subsystem
[    0.844691] RTC time: 14:58:10, date: 04/21/21
[    0.852508] NET: Registered protocol family 16
[    0.868033] cpuidle: using governor ladder
[    0.884034] cpuidle: using governor menu
[    0.888020] PCCT header not found.
[    0.892114] ACPI: bus type PCI registered
[    0.896012] acpiphp: ACPI Hot Plug PCI Controller Driver version: 0.5
[    0.901472] PCI: Using configuration type 1 for base access
[    0.940653] ACPI: Added _OSI(Module Device)
[    0.948021] ACPI: Added _OSI(Processor Device)
[    0.952029] ACPI: Added _OSI(3.0 _SCP Extensions)
[    0.956010] ACPI: Added _OSI(Processor Aggregator Device)
[    0.961768] ACPI: Executed 1 blocks of module-level executable AML code
[    0.974635] ACPI: Interpreter enabled
[    0.976022] ACPI: (supports S0 S5)
[    0.980007] ACPI: Using IOAPIC for interrupt routing
[    0.984429] PCI: Using host bridge windows from ACPI; if necessary, use "pci=nocrs" and report a bug
[    0.998358] ACPI: PCI Root Bridge [PCI0] (domain 0000 [bus 00-ff])
[    1.000021] acpi PNP0A03:00: _OSC: OS supports [ASPM ClockPM Segments MSI]
[    1.009567] acpi PNP0A03:00: _OSC: not requesting OS control; OS requires [ExtendedConfig ASPM ClockPM MSI]
[    1.012024] acpi PNP0A03:00: fail to add MMCONFIG information, can't access extended PCI configuration space under this bridge.
[    1.017780] PCI host bridge to bus 0000:00
[    1.020012] pci_bus 0000:00: root bus resource [io  0x0000-0x0cf7 window]
[    1.024010] pci_bus 0000:00: root bus resource [io  0x0d00-0xffff window]
[    1.028014] pci_bus 0000:00: root bus resource [mem 0x000a0000-0x000bffff window]
[    1.032012] pci_bus 0000:00: root bus resource [mem 0x80000000-0xfdffffff window]
[    1.036005] pci_bus 0000:00: root bus resource [bus 00-ff]
[    1.048445] pci 0000:00:01.1: legacy IDE quirk: reg 0x10: [io  0x01f0-0x01f7]
[    1.052008] pci 0000:00:01.1: legacy IDE quirk: reg 0x14: [io  0x03f6]
[    1.056010] pci 0000:00:01.1: legacy IDE quirk: reg 0x18: [io  0x0170-0x0177]
[    1.060005] pci 0000:00:01.1: legacy IDE quirk: reg 0x1c: [io  0x0376]
[    1.134013] pci 0000:00:07.0: quirk: [io  0x4000-0x403f] claimed by PIIX4 ACPI
[    1.136062] pci 0000:00:07.0: quirk: [io  0x4100-0x410f] claimed by PIIX4 SMB
[    1.160481] ACPI: PCI Interrupt Link [LNKA] (IRQs 5 9 10 *11)
[    1.180585] ACPI: PCI Interrupt Link [LNKB] (IRQs 5 9 *10 11)
[    1.196390] ACPI: PCI Interrupt Link [LNKC] (IRQs 5 *9 10 11)
[    1.208456] ACPI: PCI Interrupt Link [LNKD] (IRQs 5 9 10 *11)
[    1.225987] ACPI: Enabled 2 GPEs in block 00 to 07
[    1.236079] vgaarb: setting as boot device: PCI:0000:00:02.0
[    1.240000] vgaarb: device added: PCI:0000:00:02.0,decodes=io+mem,owns=io+mem,locks=none
[    1.240011] vgaarb: loaded
[    1.244007] vgaarb: bridge control possible 0000:00:02.0
[    1.253143] SCSI subsystem initialized
[    1.260496] ACPI: bus type USB registered
[    1.264044] usbcore: registered new interface driver usbfs
[    1.268214] usbcore: registered new interface driver hub
[    1.272371] usbcore: registered new device driver usb
[    1.288026] PCI: Using ACPI for IRQ routing
[    1.296117] NetLabel: Initializing
[    1.300012] NetLabel:  domain hash size = 128
[    1.304020] NetLabel:  protocols = UNLABELED CIPSOv4
[    1.308051] NetLabel:  unlabeled traffic allowed by default
[    1.320274] amd_nb: Cannot enumerate AMD northbridges
[    1.328601] clocksource: Switched to clocksource kvm-clock
[    1.436804] AppArmor: AppArmor Filesystem Enabled
[    1.440088] pnp: PnP ACPI init
[    1.440088] pnp: PnP ACPI: found 3 devices
[    1.538659] clocksource: acpi_pm: mask: 0xffffff max_cycles: 0xffffff, max_idle_ns: 2085701024 ns
[    1.540701] NET: Registered protocol family 2
[    1.578642] TCP established hash table entries: 16384 (order: 5, 131072 bytes)
[    1.602216] TCP bind hash table entries: 16384 (order: 6, 262144 bytes)
[    1.605974] TCP: Hash tables configured (established 16384 bind 16384)
[    1.605974] UDP hash table entries: 1024 (order: 3, 32768 bytes)
[    1.605974] UDP-Lite hash table entries: 1024 (order: 3, 32768 bytes)
[    1.605974] NET: Registered protocol family 1
[    1.605974] pci 0000:00:00.0: Limiting direct PCI/PCI transfers
[    1.605974] pci 0000:00:01.0: Activating ISA DMA hang workarounds
[    1.605974] Unpacking initramfs...
[    2.626171] Freeing initrd memory: 14880K
[    2.626171] clocksource: tsc: mask: 0xffffffffffffffff max_cycles: 0x19f228ab7a2, max_idle_ns: 440795289252 ns
[    2.626171] platform rtc_cmos: registered platform RTC device (no PNP device found)
[    2.626171] Scanning for low memory corruption every 60 seconds
[    2.757186] audit: initializing netlink subsys (disabled)
[    2.774388] audit: type=2000 audit(1619017097.777:1): initialized
[    2.798652] Initialise system trusted keyring
[    2.825126] HugeTLB registered 2 MB page size, pre-allocated 0 pages
[    2.847420] zbud: loaded
[    2.858735] VFS: Disk quotas dquot_6.6.0
[    2.872443] VFS: Dquot-cache hash table entries: 512 (order 0, 4096 bytes)
[    2.894032] squashfs: version 4.0 (2009/01/31) Phillip Lougher
[    2.917559] fuse init (API version 7.23)
[    2.929295] Key type big_key registered
[    2.939883] Allocating IMA MOK and blacklist keyrings.
[    2.977466] Key type asymmetric registered
[    2.988797] Asymmetric key parser 'x509' registered
[    3.003008] Block layer SCSI generic (bsg) driver version 0.4 loaded (major 249)
[    3.016888] io scheduler noop registered
[    3.024075] io scheduler deadline registered (default)
[    3.033496] io scheduler cfq registered
[    3.042416] pci_hotplug: PCI Hot Plug PCI Core version: 0.5
[    3.057724] pciehp: PCI Express Hot Plug Controller Driver version: 0.4
[    3.073520] ACPI: AC Adapter [AC] (off-line)
[    3.085527] input: Power Button as /devices/LNXSYSTM:00/LNXPWRBN:00/input/input0
[    3.101428] ACPI: Power Button [PWRF]
[    3.111486] input: Sleep Button as /devices/LNXSYSTM:00/LNXSLPBN:00/input/input1
[    3.130679] ACPI: Sleep Button [SLPF]
[    3.143507] GHES: HEST is not enabled!
[    3.146874] ACPI: Battery Slot [BAT0] (battery present)
[    3.167275] Serial: 8250/16550 driver, 32 ports, IRQ sharing enabled
[    3.241066] 00:02: ttyS0 at I/O 0x3f8 (irq = 4, base_baud = 115200) is a 16550A
[    3.261468] Linux agpgart interface v0.103
[    3.305313] loop: module loaded
[    3.330967] scsi host0: ata_piix
[    3.348769] scsi host1: ata_piix
[    3.361509] ata1: PATA max UDMA/33 cmd 0x1f0 ctl 0x3f6 bmdma 0xd000 irq 14
[    3.384073] ata2: PATA max UDMA/33 cmd 0x170 ctl 0x376 bmdma 0xd008 irq 15
[    3.401673] libphy: Fixed MDIO Bus: probed
[    3.414267] tun: Universal TUN/TAP device driver, 1.6
[    3.426365] tun: (C) 1999-2004 Max Krasnyansky <maxk@qualcomm.com>
[    3.439263] PPP generic driver version 2.4.2
[    3.448293] ehci_hcd: USB 2.0 'Enhanced' Host Controller (EHCI) Driver
[    3.459093] ehci-pci: EHCI PCI platform driver
[    3.469855] ehci-platform: EHCI generic platform driver
[    3.481255] ohci_hcd: USB 1.1 'Open' Host Controller (OHCI) Driver
[    3.494284] ohci-pci: OHCI PCI platform driver
[    3.507900] ohci-platform: OHCI generic platform driver
[    3.519276] uhci_hcd: USB Universal Host Controller Interface driver
[    3.533867] i8042: PNP: PS/2 Controller [PNP0303:PS2K,PNP0f03:PS2M] at 0x60,0x64 irq 1,12
[    3.559632] serio: i8042 KBD port at 0x60,0x64 irq 1
[    3.571166] serio: i8042 AUX port at 0x60,0x64 irq 12
[    3.581630] mousedev: PS/2 mouse device common for all mice
[    3.596780] input: AT Translated Set 2 keyboard as /devices/platform/i8042/serio0/input/input2
[    3.681282] rtc_cmos rtc_cmos: rtc core: registered rtc_cmos as rtc0
[    3.698512] rtc_cmos rtc_cmos: alarms up to one day, 114 bytes nvram
[    3.715316] i2c /dev entries driver
[    3.724295] device-mapper: uevent: version 1.0.3
[    3.740239] device-mapper: ioctl: 4.34.0-ioctl (2015-10-28) initialised: dm-devel@redhat.com
[    3.757446] ledtrig-cpu: registered to indicate activity on CPUs
[    3.768014] NET: Registered protocol family 10
[    3.776470] NET: Registered protocol family 17
[    3.782448] Key type dns_resolver registered
[    3.787501] registered taskstats version 1
[    3.793223] Loading compiled-in X.509 certificates
[    3.799230] Loaded X.509 cert 'Build time autogenerated kernel key: 9e5e2330314f2a00b0409bdb338e201244d5149f'
[    3.810694] zswap: loaded using pool lzo/zbud
[    3.834119] Key type trusted registered
[    3.872597] Key type encrypted registered
[    3.882921] AppArmor: AppArmor sha1 policy hashing enabled
[    3.896382] ima: No TPM chip found, activating TPM-bypass!
[    3.910675] ima: Allocated hash algorithm: sha1
[    3.922079] evm: HMAC attrs: 0x1
[    3.935576]   Magic number: 1:493:991
[    3.947233] rtc_cmos rtc_cmos: setting system clock to 2021-04-21 14:58:14 UTC (1619017094)
[    3.969674] BIOS EDD facility v0.16 2004-Jun-25, 0 devices found
[    3.980847] EDD information not available.
[    4.007703] Freeing unused kernel memory: 1492K
[    4.044438] Write protecting the kernel read-only data: 14336k
[    4.074338] Freeing unused kernel memory: 1588K
[    4.097400] Freeing unused kernel memory: 52K
Loading, please wait...
starting version 229
[    4.258877] random: systemd-udevd: uninitialized urandom read (16 bytes read, 6 bits of entropy available)
[    4.313448] random: systemd-udevd: uninitialized urandom read (16 bytes read, 6 bits of entropy available)
[    4.323173] random: udevadm: uninitialized urandom read (16 bytes read, 6 bits of entropy available)
[    4.323215] random: udevadm: uninitialized urandom read (16 bytes read, 6 bits of entropy available)
[    4.373198] random: udevadm: uninitialized urandom read (16 bytes read, 6 bits of entropy available)
[    4.373276] random: udevadm: uninitialized urandom read (16 bytes read, 6 bits of entropy available)
[    4.373865] random: udevadm: uninitialized urandom read (16 bytes read, 6 bits of entropy available)
[    4.374076] random: udevadm: uninitialized urandom read (16 bytes read, 6 bits of entropy available)
[    4.374180] random: udevadm: uninitialized urandom read (16 bytes read, 6 bits of entropy available)
[    4.374352] random: udevadm: uninitialized urandom read (16 bytes read, 6 bits of entropy available)
[    4.731879] Fusion MPT base driver 3.04.20
[    4.739973] Copyright (c) 1999-2008 LSI Corporation
[    4.775855] e1000: Intel(R) PRO/1000 Network Driver - version 7.3.21-k8-NAPI
[    4.798007] e1000: Copyright (c) 1999-2006 Intel Corporation.
[    4.858866] Fusion MPT SPI Host driver 3.04.20
[    4.883377] mptbase: ioc0: Initiating bringup
[    5.191648] ioc0: LSI53C1030 A0: Capabilities={Initiator}
[    5.301112] input: ImExPS/2 Generic Explorer Mouse as /devices/platform/i8042/serio1/input/input4
[    5.455588] scsi host2: ioc0: LSI53C1030 A0, FwRev=00000000h, Ports=1, MaxQ=256, IRQ=20
[    5.625326] scsi 2:0:0:0: Direct-Access     VBOX     HARDDISK         1.0  PQ: 0 ANSI: 5
[    5.666211] scsi target2:0:0: Beginning Domain Validation
[    5.713716] scsi target2:0:0: Domain Validation skipping write tests
[    5.723686] scsi target2:0:0: Ending Domain Validation
[    5.734630] scsi target2:0:0: asynchronous
[    5.758310] scsi 2:0:1:0: Direct-Access     VBOX     HARDDISK         1.0  PQ: 0 ANSI: 5
[    5.784607] scsi target2:0:1: Beginning Domain Validation
[    5.824731] scsi target2:0:1: Domain Validation skipping write tests
[    5.841430] scsi target2:0:1: Ending Domain Validation
[    5.851772] scsi target2:0:1: asynchronous
[    5.903659] sd 2:0:0:0: Attached scsi generic sg0 type 0
[    5.918153] sd 2:0:1:0: Attached scsi generic sg1 type 0
[    5.931305] sd 2:0:0:0: [sda] 83886080 512-byte logical blocks: (42.9 GB/40.0 GiB)
[    5.948695] sd 2:0:1:0: [sdb] 20480 512-byte logical blocks: (10.5 MB/10.0 MiB)
[    5.965900] sd 2:0:1:0: [sdb] Write Protect is off
[    5.977655] sd 2:0:0:0: [sda] Write Protect is off
[    6.066577] sd 2:0:1:0: [sdb] Incomplete mode parameter data
[    6.089148] sd 2:0:1:0: [sdb] Assuming drive cache: write through
[    6.099672] sd 2:0:0:0: [sda] Incomplete mode parameter data
[    6.108069] sd 2:0:0:0: [sda] Assuming drive cache: write through
[    6.121261]  sda: sda1
[    6.130397] sd 2:0:0:0: [sda] Attached SCSI disk
[    6.143018] sd 2:0:1:0: [sdb] Attached SCSI disk
[    7.085325] e1000 0000:00:03.0 eth0: (PCI:33MHz:32-bit) 02:d9:59:5c:1c:7b
[    7.101897] e1000 0000:00:03.0 eth0: Intel(R) PRO/1000 Network Connection
[    7.127257] e1000 0000:00:03.0 enp0s3: renamed from eth0
Begin: Loading essential drivers ... [    9.906379] md: linear personality registered for level -1
[    9.924834] md: multipath personality registered for level -4
[    9.951345] md: raid0 personality registered for level 0
[   10.003874] md: raid1 personality registered for level 1
[   10.100559] raid6: sse2x1   gen()  3780 MB/s
[   10.176550] raid6: sse2x1   xor()  2800 MB/s
[   10.252380] raid6: sse2x2   gen()  4266 MB/s
[   10.328754] raid6: sse2x2   xor()  3630 MB/s
[   10.408561] raid6: sse2x4   gen()  4757 MB/s
[   10.484424] raid6: sse2x4   xor()  3872 MB/s
[   10.494069] raid6: using algorithm sse2x4 gen() 4757 MB/s
[   10.504912] raid6: .... xor() 3872 MB/s, rmw enabled
[   10.516636] raid6: using ssse3x2 recovery algorithm
[   10.531066] xor: measuring software checksum speed
[   10.584254]    prefetch64-sse:  6322.000 MB/sec
[   10.637136]    generic_sse:  5277.000 MB/sec
[   10.648193] xor: using function: prefetch64-sse (6322.000 MB/sec)
[   10.668410] async_tx: api initialized (async)
[   10.779502] md: raid6 personality registered for level 6
[   10.796683] md: raid5 personality registered for level 5
[   10.810094] md: raid4 personality registered for level 4
[   10.888600] md: raid10 personality registered for level 10
done.
Begin: Running /scripts/init-premount ... done.
Begin: Mounting root file system ... Begin: Running /scripts/local-top ... done.
Begin: Running /scripts/local-premount ... [   11.036208] Btrfs loaded
Scanning for Btrfs filesystems
done.
Warning: fsck not present, so skipping root file system
[   11.318628] EXT4-fs (sda1): INFO: recovery required on readonly filesystem
[   11.350654] EXT4-fs (sda1): write access will be enabled during recovery
[   11.418270] EXT4-fs (sda1): recovery complete
[   11.429345] EXT4-fs (sda1): mounted filesystem with ordered data mode. Opts: (null)
done.
Begin: Running /scripts/local-bottom ... done.
Begin: Running /scripts/init-bottom ... done.
[   11.958329] systemd[1]: systemd 229 running in system mode. (+PAM +AUDIT +SELINUX +IMA +APPARMOR +SMACK +SYSVINIT +UTMP +LIBCRYPTSETUP +GCRYPT +GNUTLS +ACL +XZ -LZ4 +SECCOMP +BLKID +ELFUTILS +KMOD -IDN)
[   11.996845] systemd[1]: Detected virtualization oracle.
[   11.999911] systemd[1]: Detected architecture x86-64.

Welcome to [1mUbuntu 16.04.7 LTS[0m!

[   12.038520] systemd[1]: Set hostname to <docker>.
[   12.683569] systemd[1]: Reached target User and Group Name Lookups.
[[0;32m  OK  [0m] Reached target User and Group Name Lookups.
[   12.705767] systemd[1]: Reached target Encrypted Volumes.
[[0;32m  OK  [0m] Reached target Encrypted Volumes.
[   12.724980] systemd[1]: Started Trigger resolvconf update for networkd DNS.
[[0;32m  OK  [0m] Started Trigger resolvconf update for networkd DNS.
[   12.748931] systemd[1]: Listening on udev Control Socket.
[[0;32m  OK  [0m] Listening on udev Control Socket.
[   12.770029] systemd[1]: Listening on /dev/initctl Compatibility Named Pipe.
[[0;32m  OK  [0m] Listening on /dev/initctl Compatibility Named Pipe.
[   12.803770] systemd[1]: Started Forward Password Requests to Wall Directory Watch.
[[0;32m  OK  [0m] Started Forward Password Requests to Wall Directory Watch.
[   12.843488] systemd[1]: Listening on Device-mapper event daemon FIFOs.
[[0;32m  OK  [0m] Listening on Device-mapper event daemon FIFOs.
[   12.891505] systemd[1]: Listening on udev Kernel Socket.
[[0;32m  OK  [0m] Listening on udev Kernel Socket.
[   12.938417] systemd[1]: Listening on Journal Audit Socket.
[[0;32m  OK  [0m] Listening on Journal Audit Socket.
[   12.982197] systemd[1]: Reached target System Time Synchronized.
[[0;32m  OK  [0m] Reached target System Time Synchronized.
[   13.023925] systemd[1]: Listening on Journal Socket (/dev/log).
[[0;32m  OK  [0m] Listening on Journal Socket (/dev/log).
[   13.066171] systemd[1]: Listening on LVM2 poll daemon socket.
[[0;32m  OK  [0m] Listening on LVM2 poll daemon socket.
[   13.104889] systemd[1]: Set up automount Arbitrary Executable File Formats File System Automount Point.
[[0;32m  OK  [0m] Set up automount Arbitrary Executab...ats File System Automount Point.
[   13.172039] systemd[1]: Created slice User and Session Slice.
[[0;32m  OK  [0m] Created slice User and Session Slice.
[   13.221740] systemd[1]: Created slice System Slice.
[[0;32m  OK  [0m] Created slice System Slice.
[   13.260755] systemd[1]: Reached target Slices.
[[0;32m  OK  [0m] Reached target Slices.
[   13.300380] systemd[1]: Created slice system-serial\x2dgetty.slice.
[[0;32m  OK  [0m] Created slice system-serial\x2dgetty.slice.
[   13.347903] systemd[1]: Listening on Syslog Socket.
[[0;32m  OK  [0m] Listening on Syslog Socket.
[   13.380188] systemd[1]: Listening on Journal Socket.
[[0;32m  OK  [0m] Listening on Journal Socket.
[   13.433231] systemd[1]: Starting Set console keymap...
[   13.438538] random: nonblocking pool is initialized
         Starting Set console keymap...
[   13.511058] systemd[1]: Starting Uncomplicated firewall...
         Starting Uncomplicated firewall...
[   13.550929] systemd[1]: Mounting POSIX Message Queue File System...
         Mounting POSIX Message Queue File System...
[   13.584186] systemd[1]: Mounting Huge Pages File System...
         Mounting Huge Pages File System...
[   13.611654] systemd[1]: Starting Load Kernel Modules...
         Starting Load Kernel Modules...
[   13.644226] systemd[1]: Starting Nameserver information manager...
         Starting Nameserver information manager...
[   13.701131] systemd[1]: Starting Remount Root and Kernel File Systems...
[   13.722923] EXT4-fs (sda1): re-mounted. Opts: (null)
         Starting Remount Root and Kernel File Systems...
[   13.750910] systemd[1]: Mounting Debug File System...
         Mounting Debug File System...
[   13.785998] Loading iSCSI transport class v2.0-870.
[   13.818633] systemd[1]: Starting Journal Service...
         Starting Journal Service...
[   13.862750] iscsi: registered transport (tcp)
[   13.889727] systemd[1]: Starting Create list of required static device nodes for the current kernel...
         Starting Create list of required st... nodes for the current kernel...
[   13.964027] systemd[1]: Reached target Swap.
[[0;32m  OK  [0m] Reached target Swap.
[   14.015972] systemd[1]: Listening on LVM2 metadata daemon socket.
[[0;32m  OK  [0m] Listening on LVM2 metadata daemon socket.
[   14.088458] systemd[1]: Starting Monitoring of LVM2 mirrors, snapshots etc. using dmeventd or progress polling...
         Starting Monitoring of LVM2 mirrors... dmeventd or progress polling...
[   14.219211] systemd[1]: Mounted Huge Pages File System.
[[0;32m  OK  [0m] Mounted Huge Pages File System.
[   14.282682] systemd[1]: Mounted Debug File System.
[[0;32m  OK  [0m] Mounted Debug File System.
[   14.324692] systemd[1]: Mounted POSIX Message Queue File System.
[[0;32m  OK  [0m] Mounted POSIX Message Queue File System.[   14.363637] iscsi: registered transport (iser)

[   14.371084] systemd[1]: Started Journal Service.
[[0;32m  OK  [0m] Started Journal Service.
[[0;32m  OK  [0m] Started Set console keymap.
[[0;32m  OK  [0m] Started Uncomplicated firewall.
[[0;32m  OK  [0m] Started Load Kernel Modules.
[[0;32m  OK  [0m] Started Remount Root and Kernel File Systems.
[[0;32m  OK  [0m] Started Create list of required sta...ce nodes for the current kernel.
[[0;32m  OK  [0m] Started Nameserver information manager.
[[0;32m  OK  [0m] Started LVM2 metadata daemon.
         Starting Create Static Device Nodes in /dev...
         Starting udev Coldplug all Devices...
         Starting Load/Save Random Seed...
         Mounting FUSE Control File System...
         Starting Apply Kernel Variables...
         Starting Flush Journal to Persistent Storage...
[[0;32m  OK  [0m] Started Create Static Device Nodes in /dev.
[[0;32m  OK  [0m] Started Apply Kernel Variables.
[[0;32m  OK  [0m] Mounted FUSE Control File System.
[[0;32m  OK  [0m] Started Load/Save Random Seed.
         Starting udev Kernel Device Manager...
[[0;32m  OK  [0m] Started Flush Journal to Persistent Storage.
[[0;32m  OK  [0m] Started Monitoring of LVM2 mirrors,...ng dmeventd or progress polling.
[[0;32m  OK  [0m] Started udev Coldplug all Devices.
[[0;32m  OK  [0m] Reached target Local File Systems (Pre).
         Mounting /vagrant...
[[0;32m  OK  [0m] Reached target Local File Systems.
         Starting LSB: AppArmor initialization...
         Starting Set console font and keymap...
         Starting Initial cloud-init job (pre-networking)...
         Starting Tell Plymouth To Write Out Runtime Data...
         Starting Create Volatile Files and Directories...
[[0;32m  OK  [0m] Started udev Kernel Device Manager.
[[0;1;31mFAILED[0m] Failed to mount /vagrant.
See 'systemctl status vagrant.mount' for details.
[[0;32m  OK  [0m] Started Tell Plymouth To Write Out Runtime Data.
[[0;32m  OK  [0m] Started Dispatch Password Requests to Console Directory Watch.
[[0;32m  OK  [0m] Started Create Volatile Files and Directories.
         Starting Update UTMP about System Boot/Shutdown...
[[0;32m  OK  [0m] Started Update UTMP about System Boot/Shutdown.
[[0;32m  OK  [0m] Started LSB: AppArmor initialization.
         Starting Load AppArmor profiles managed internally by snapd...
[[0;32m  OK  [0m] Started Load AppArmor profiles managed internally by snapd.
[[0;32m  OK  [0m] Found device /dev/ttyS0.
[[0;32m  OK  [0m] Listening on Load/Save RF Kill Switch Status /dev/rfkill Watch.
[[0;32m  OK  [0m] Found device 82540EM Gigabit Ethern...r (PRO/1000 MT Desktop Adapter).
[   21.238441] cloud-init[467]: Cloud-init v. 20.4.1-0ubuntu1~16.04.1 running 'init-local' at Wed, 21 Apr 2021 14:58:30 +0000. Up 20.27 seconds.
[[0;32m  OK  [0m] Started Initial cloud-init job (pre-networking).
[[0;32m  OK  [0m] Reached target Network (Pre).
[[0;32m  OK  [0m] Started ifup for enp0s3.
         Starting Raise network interfaces...
[[0;32m  OK  [0m] Started Set console font and keymap.
[[0;32m  OK  [0m] Created slice system-getty.slice.
[[0;1;31mFAILED[0m] Failed to start Raise network interfaces.
See 'systemctl status networking.service' for details.
[[0;32m  OK  [0m] Reached target Network.
         Starting Initial cloud-init job (metadata service crawler)...
[   25.395330] cloud-init[995]: Cloud-init v. 20.4.1-0ubuntu1~16.04.1 running 'init' at Wed, 21 Apr 2021 14:58:35 +0000. Up 24.79 seconds.
[   25.403678] cloud-init[995]: ci-info: ++++++++++++++++++++++++++++++++++++++Net device info++++++++++++++++++++++++++++++++++++++
[   25.418567] cloud-init[995]: ci-info: +--------+------+----------------------------+---------------+--------+-------------------+
[   25.432738] cloud-init[995]: ci-info: | Device |  Up  |          Address           |      Mask     | Scope  |     Hw-Address    |
[   25.447720] cloud-init[995]: ci-info: +--------+------+----------------------------+---------------+--------+-------------------+
[   25.464804] cloud-init[995]: ci-info: | enp0s3 | True |         10.0.2.15          | 255.255.255.0 | global | 02:d9:59:5c:1c:7b |
[   25.479674] cloud-init[995]: ci-info: | enp0s3 | True | fe80::d9:59ff:fe5c:1c7b/64 |       .       |  link  | 02:d9:59:5c:1c:7b |
[   25.494957] cloud-init[995]: ci-info: |   lo   | True |         127.0.0.1          |   255.0.0.0   |  host  |         .         |
[   25.510631] cloud-init[995]: ci-info: |   lo   | True |          ::1/128           |       .       |  host  |         .         |
[   25.527341] cloud-init[995]: ci-info: +--------+------+----------------------------+---------------+--------+-------------------+
[   25.542891] cloud-init[995]: ci-info: +++++++++++++++++++++++++++Route IPv4 info++++++++++++++++++++++++++++
[   25.558676] cloud-init[995]: ci-info: +-------+-------------+----------+---------------+-----------+-------+
[   25.574157] cloud-init[995]: ci-info: | Route | Destination | Gateway  |    Genmask    | Interface | Flags |
[   25.588726] cloud-init[995]: ci-info: +-------+-------------+----------+---------------+-----------+-------+
[   25.606112] cloud-init[995]: ci-info: |   0   |   0.0.0.0   | 10.0.2.2 |    0.0.0.0    |   enp0s3  |   UG  |
[   25.621407] cloud-init[995]: ci-info: |   1   |   10.0.2.0  | 0.0.0.0  | 255.255.255.0 |   enp0s3  |   U   |
[   25.636269] cloud-init[995]: ci-info: +-------+-------------+----------+---------------+-----------+-------+
[   25.650140] cloud-init[995]: ci-info: +++++++++++++++++++Route IPv6 info+++++++++++++++++++
[   25.663015] cloud-init[995]: ci-info: +-------+-------------+---------+-----------+-------+
[   25.675223] cloud-init[995]: ci-info: | Route | Destination | Gateway | Interface | Flags |
[   25.689477] cloud-init[995]: ci-info: +-------+-------------+---------+-----------+-------+
[   25.710240] cloud-init[995]: ci-info: |   0   |  fe80::/64  |    ::   |   enp0s3  |   U   |
[   25.724274] cloud-init[995]: ci-info: |   4   |   ff00::/8  |    ::   |   enp0s3  |   U   |
[   25.738636] cloud-init[995]: ci-info: +-------+-------------+---------+-----------+-------+
[[0;32m  OK  [0m] Started Initial cloud-init job (metadata service crawler).
[[0;32m  OK  [0m] Reached target System Initialization.
[[0;32m  OK  [0m] Started Daily Cleanup of Temporary Directories.
[[0;32m  OK  [0m] Started Message of the Day.
         Starting LXD - unix socket.
         Starting Docker Socket for the API.
[[0;32m  OK  [0m] Started ACPI Events Check.
[[0;32m  OK  [0m] Reached target Paths.
[[0;32m  OK  [0m] Listening on ACPID Listen Socket.
[[0;32m  OK  [0m] Listening on UUID daemon activation socket.
[[0;32m  OK  [0m] Listening on D-Bus System Message Bus Socket.
[[0;32m  OK  [0m] Started Daily apt download activities.
[[0;32m  OK  [0m] Started Daily apt upgrade and clean activities.
[[0;32m  OK  [0m] Reached target Timers.
         Starting Socket activation for snappy daemon.
[[0;32m  OK  [0m] Reached target Cloud-config availability.
[[0;32m  OK  [0m] Reached target Network is Online.
         Starting iSCSI initiator daemon (iscsid)...
[[0;32m  OK  [0m] Listening on LXD - unix socket.
[[0;32m  OK  [0m] Listening on Docker Socket for the API.
[[0;32m  OK  [0m] Listening on Socket activation for snappy daemon.
[[0;32m  OK  [0m] Reached target Sockets.
[[0;32m  OK  [0m] Reached target Basic System.
         Starting System Logging Service...
[[0;32m  OK  [0m] Started D-Bus System Message Bus.
         Starting Accounts Service...
[[0;32m  OK  [0m] Started FUSE filesystem for LXC.
         Starting LXD - container startup/shutdown...
         Starting /etc/rc.local Compatibility...
         Starting containerd container runtime...
[[0;32m  OK  [0m] Started Deferred execution scheduler.
         Starting LSB: Record successful boot for GRUB...
         Starting LSB: MD monitoring daemon...
[[0;32m  OK  [0m] Started ACPI event daemon.
         Starting Virtualbox guest utils...
         Starting Login Service...
         Starting OpenBSD Secure Shell server...
[[0;32m  OK  [0m] Started Regular background program processing daemon.
         Starting Snap Daemon...
[[0;32m  OK  [0m] Started System Logging Service.
[[0;32m  OK  [0m] Started iSCSI initiator daemon (iscsid).
[[0;32m  OK  [0m] Started /etc/rc.local Compatibility.
         Starting Login to default iSCSI targets...
[[0;32m  OK  [0m] Started Login Service.
[[0;32m  OK  [0m] Started Unattended Upgrades Shutdown.
         Starting Authenticate and Authorize Users to Run Privileged Tasks...
[[0;32m  OK  [0m] Started LSB: Record successful boot for GRUB.
[[0;32m  OK  [0m] Started LSB: MD monitoring daemon.
[[0;32m  OK  [0m] Started Login to default iSCSI targets.
[[0;32m  OK  [0m] Reached target Remote File Systems (Pre).
[[0;32m  OK  [0m] Reached target Remote File Systems.
         Starting Permit User Sessions...
         Starting LSB: Set the CPU Frequency Scaling governor to "ondemand"...
         Starting LSB: daemon to balance interrupts for SMP systems...
         Starting LSB: automatic crash report generation...
[[0;32m  OK  [0m] Started Permit User Sessions.
[[0;32m  OK  [0m] Started Authenticate and Authorize Users to Run Privileged Tasks.
[[0;32m  OK  [0m] Started OpenBSD Secure Shell server.
[[0;32m  OK  [0m] Started Accounts Service.
         Starting Hold until boot process finishes up...
         Starting Terminate Plymouth Boot Screen...
[[0;32m  OK  [0m] Started LXD - container startup/shutdown.
[[0;32m  OK  [0m] Started Terminate Plymouth Boot Screen.
[[0;32m  OK  [0m] Started Hold until boot process finishes up.
         Starting Set console scheme...
[[0;32m  OK  [0m] Started Serial Getty on ttyS0.
[[0;32m  OK  [0m] Started Getty on tty1.
[[0;32m  OK  [0m] Reached target Login Prompts.
[[0;32m  OK  [0m] Started Set console scheme.
[[0;32m  OK  [0m] Started LSB: Set the CPU Frequency Scaling governor to "ondemand".
[[0;32m  OK  [0m] Started LSB: daemon to balance interrupts for SMP systems.
[[0;32m  OK  [0m] Started LSB: automatic crash report generation.
[[0;32m  OK  [0m] Started Virtualbox guest utils.
[[0;32m  OK  [0m] Created slice User Slice of vagrant.
         Starting User Manager for UID 1000...
[[0;32m  OK  [0m] Started Session 1 of user vagrant.
[[0;32m  OK  [0m] Started User Manager for UID 1000.
[[0;32m  OK  [0m] Started Snap Daemon.
         Starting Wait until snapd is fully seeded...
[[0;32m  OK  [0m] Started Wait until snapd is fully seeded.
         Starting Apply the settings specified in cloud-config...
[[0;32m  OK  [0m] Started containerd container runtime.
         Starting Docker Application Container Engine...

Ubuntu 16.04.7 LTS docker ttyS0

docker login: [   35.845990] cloud-init[1310]: Cloud-init v. 20.4.1-0ubuntu1~16.04.1 running 'modules:config' at Wed, 21 Apr 2021 14:58:45 +0000. Up 34.94 seconds.
[   39.503327] cloud-init[1675]: Cloud-init v. 20.4.1-0ubuntu1~16.04.1 running 'modules:final' at Wed, 21 Apr 2021 14:58:49 +0000. Up 39.05 seconds.
[   39.504372] cloud-init[1675]: Cloud-init v. 20.4.1-0ubuntu1~16.04.1 finished at Wed, 21 Apr 2021 14:58:50 +0000. Datasource DataSourceNoCloud [seed=/dev/sdb][dsmode=net].  Up 39.48 seconds
