[    0.000000] Initializing cgroup subsys cpuset
[    0.000000] Initializing cgroup subsys cpu
[    0.000000] Initializing cgroup subsys cpuacct
[    0.000000] Linux version 4.4.0-210-generic (buildd@lgw01-amd64-009) (gcc version 5.4.0 20160609 (Ubuntu 5.4.0-6ubuntu1~16.04.12) ) #242-Ubuntu SMP Fri Apr 16 09:57:56 UTC 2021 (Ubuntu 4.4.0-210.242-generic 4.4.262)
[    0.000000] Command line: BOOT_IMAGE=/boot/vmlinuz-4.4.0-210-generic root=UUID=091fe059-9348-426f-998c-ac47f4bd4be3 ro console=tty1 console=ttyS0
[    0.000000] KERNEL supported cpus:
[    0.000000]   Intel GenuineIntel
[    0.000000]   AMD AuthenticAMD
[    0.000000]   Centaur CentaurHauls
[    0.000000] x86/fpu: Legacy x87 FPU detected.
[    0.000000] e820: BIOS-provided physical RAM map:
[    0.000000] BIOS-e820: [mem 0x0000000000000000-0x000000000009fbff] usable
[    0.000000] BIOS-e820: [mem 0x000000000009fc00-0x000000000009ffff] reserved
[    0.000000] BIOS-e820: [mem 0x00000000000f0000-0x00000000000fffff] reserved
[    0.000000] BIOS-e820: [mem 0x0000000000100000-0x000000007ffeffff] usable
[    0.000000] BIOS-e820: [mem 0x000000007fff0000-0x000000007fffffff] ACPI data
[    0.000000] BIOS-e820: [mem 0x00000000fec00000-0x00000000fec00fff] reserved
[    0.000000] BIOS-e820: [mem 0x00000000fee00000-0x00000000fee00fff] reserved
[    0.000000] BIOS-e820: [mem 0x00000000fffc0000-0x00000000ffffffff] reserved
[    0.000000] NX (Execute Disable) protection: active
[    0.000000] SMBIOS 2.5 present.
[    0.000000] Hypervisor detected: KVM
[    0.000000] e820: last_pfn = 0x7fff0 max_arch_pfn = 0x400000000
[    0.000000] MTRR: Disabled
[    0.000000] x86/PAT: MTRRs disabled, skipping PAT initialization too.
[    0.000000] CPU MTRRs all blank - virtualized system.
[    0.000000] x86/PAT: Configuration [0-7]: WB  WT  UC- UC  WB  WT  UC- UC  
[    0.000000] found SMP MP-table at [mem 0x0009fff0-0x0009ffff] mapped at [ffff88000009fff0]
[    0.000000] Scanning 1 areas for low memory corruption
[    0.000000] RAMDISK: [mem 0x361cc000-0x370ddfff]
[    0.000000] ACPI: Early table checksum verification disabled
[    0.000000] ACPI: RSDP 0x00000000000E0000 000024 (v02 VBOX  )
[    0.000000] ACPI: XSDT 0x000000007FFF0030 00003C (v01 VBOX   VBOXXSDT 00000001 ASL  00000061)
[    0.000000] ACPI: FACP 0x000000007FFF00F0 0000F4 (v04 VBOX   VBOXFACP 00000001 ASL  00000061)
[    0.000000] ACPI: DSDT 0x000000007FFF0470 002325 (v02 VBOX   VBOXBIOS 00000002 INTL 20100528)
[    0.000000] ACPI: FACS 0x000000007FFF0200 000040
[    0.000000] ACPI: FACS 0x000000007FFF0200 000040
[    0.000000] ACPI: APIC 0x000000007FFF0240 00005C (v02 VBOX   VBOXAPIC 00000001 ASL  00000061)
[    0.000000] ACPI: SSDT 0x000000007FFF02A0 0001CC (v01 VBOX   VBOXCPUT 00000002 INTL 20100528)
[    0.000000] No NUMA configuration found
[    0.000000] Faking a node at [mem 0x0000000000000000-0x000000007ffeffff]
[    0.000000] NODE_DATA(0) allocated [mem 0x7ffeb000-0x7ffeffff]
[    0.000000] kvm-clock: Using msrs 4b564d01 and 4b564d00
[    0.000000] kvm-clock: cpu 0, msr 0:7ffe3001, primary cpu clock
[    0.000000] kvm-clock: using sched offset of 4506906682 cycles
[    0.000000] clocksource: kvm-clock: mask: 0xffffffffffffffff max_cycles: 0x1cd42e4dffb, max_idle_ns: 881590591483 ns
[    0.000000] Zone ranges:
[    0.000000]   DMA      [mem 0x0000000000001000-0x0000000000ffffff]
[    0.000000]   DMA32    [mem 0x0000000001000000-0x000000007ffeffff]
[    0.000000]   Normal   empty
[    0.000000]   Device   empty
[    0.000000] Movable zone start for each node
[    0.000000] Early memory node ranges
[    0.000000]   node   0: [mem 0x0000000000001000-0x000000000009efff]
[    0.000000]   node   0: [mem 0x0000000000100000-0x000000007ffeffff]
[    0.000000] Initmem setup node 0 [mem 0x0000000000001000-0x000000007ffeffff]
[    0.000000] ACPI: PM-Timer IO Port: 0x4008
[    0.000000] IOAPIC[0]: apic_id 2, version 32, address 0xfec00000, GSI 0-23
[    0.000000] ACPI: INT_SRC_OVR (bus 0 bus_irq 0 global_irq 2 dfl dfl)
[    0.000000] ACPI: INT_SRC_OVR (bus 0 bus_irq 9 global_irq 9 low level)
[    0.000000] Using ACPI (MADT) for SMP configuration information
[    0.000000] smpboot: Allowing 2 CPUs, 0 hotplug CPUs
[    0.000000] PM: Registered nosave memory: [mem 0x00000000-0x00000fff]
[    0.000000] PM: Registered nosave memory: [mem 0x0009f000-0x0009ffff]
[    0.000000] PM: Registered nosave memory: [mem 0x000a0000-0x000effff]
[    0.000000] PM: Registered nosave memory: [mem 0x000f0000-0x000fffff]
[    0.000000] e820: [mem 0x80000000-0xfebfffff] available for PCI devices
[    0.000000] Booting paravirtualized kernel on KVM
[    0.000000] clocksource: refined-jiffies: mask: 0xffffffff max_cycles: 0xffffffff, max_idle_ns: 7645519600211568 ns
[    0.000000] setup_percpu: NR_CPUS:512 nr_cpumask_bits:512 nr_cpu_ids:2 nr_node_ids:1
[    0.000000] PERCPU: Embedded 33 pages/cpu @ffff88007fc00000 s95192 r8192 d31784 u1048576
[    0.000000] Built 1 zonelists in Node order, mobility grouping on.  Total pages: 515960
[    0.000000] Policy zone: DMA32
[    0.000000] Kernel command line: BOOT_IMAGE=/boot/vmlinuz-4.4.0-210-generic root=UUID=091fe059-9348-426f-998c-ac47f4bd4be3 ro console=tty1 console=ttyS0
[    0.000000] PID hash table entries: 4096 (order: 3, 32768 bytes)
[    0.000000] Memory: 2029440K/2096696K available (8644K kernel code, 1332K rwdata, 4044K rodata, 1492K init, 1164K bss, 67256K reserved, 0K cma-reserved)
[    0.000000] SLUB: HWalign=64, Order=0-3, MinObjects=0, CPUs=2, Nodes=1
[    0.000000] Kernel/User page tables isolation: enabled
[    0.000000] Hierarchical RCU implementation.
[    0.000000] 	Build-time adjustment of leaf fanout to 64.
[    0.000000] 	RCU restricting CPUs from NR_CPUS=512 to nr_cpu_ids=2.
[    0.000000] RCU: Adjusting geometry for rcu_fanout_leaf=64, nr_cpu_ids=2
[    0.000000] NR_IRQS:33024 nr_irqs:440 16
[    0.000000] Console: colour VGA+ 80x25
[    0.000000] console [tty1] enabled
[    0.000000] console [ttyS0] enabled
[    0.000000] tsc: Detected 1799.999 MHz processor
[    0.808409] Calibrating delay loop (skipped) preset value.. 3599.99 BogoMIPS (lpj=7199996)
[    0.815793] pid_max: default: 32768 minimum: 301
[    0.819709] ACPI: Core revision 20150930
[    0.824218] ACPI: 2 ACPI AML tables successfully acquired and loaded
[    0.830460] Security Framework initialized
[    0.834559] Yama: becoming mindful.
[    0.837801] AppArmor: AppArmor initialized
[    0.841503] Dentry cache hash table entries: 262144 (order: 9, 2097152 bytes)
[    0.859122] Inode-cache hash table entries: 131072 (order: 8, 1048576 bytes)
[    0.873471] Mount-cache hash table entries: 4096 (order: 3, 32768 bytes)
[    0.880006] Mountpoint-cache hash table entries: 4096 (order: 3, 32768 bytes)
[    0.887454] Initializing cgroup subsys io
[    0.892331] Initializing cgroup subsys memory
[    0.896165] Initializing cgroup subsys devices
[    0.900094] Initializing cgroup subsys freezer
[    0.903962] Initializing cgroup subsys net_cls
[    0.908615] Initializing cgroup subsys perf_event
[    0.912612] Initializing cgroup subsys net_prio
[    0.917364] Initializing cgroup subsys hugetlb
[    0.921137] Initializing cgroup subsys pids
[    0.925277] mce: CPU supports 0 MCE banks
[    0.928972] Last level iTLB entries: 4KB 64, 2MB 8, 4MB 8
[    0.934316] Last level dTLB entries: 4KB 64, 2MB 0, 4MB 0, 1GB 4
[    0.940165] Spectre V1 : Mitigation: usercopy/swapgs barriers and __user pointer sanitization
[    0.947482] Spectre V2 : Mitigation: Full generic retpoline
[    0.952976] Spectre V2 : Spectre v2 / SpectreRSB mitigation: Filling RSB on context switch
[    0.961215] Speculative Store Bypass: Vulnerable
[    0.966502] MDS: Mitigation: Clear CPU buffers
[    0.994549] Freeing SMP alternatives memory: 36K
[    1.050805] ftrace: allocating 32380 entries in 127 pages
[    1.718193] smpboot: APIC(0) Converting physical 0 to logical package 0
[    1.726793] smpboot: Max logical packages: 1
[    1.749130] ..TIMER: vector=0x30 apic1=0 pin1=2 apic2=-1 pin2=-1
[    1.864688] smpboot: CPU0: Intel(R) Core(TM) i5-8250U CPU @ 1.60GHz (family: 0x6, model: 0x8e, stepping: 0xa)
[    1.877524] Performance Events: unsupported p6 CPU model 142 no PMU driver, software events only.
[    1.943157] KVM setup paravirtual spinlock
[    1.950391] x86: Booting SMP configuration:
[    1.954660] .... node  #0, CPUs:      #1
[    1.959722] kvm-clock: cpu 1, msr 0:7ffe3041, secondary cpu clock
[    1.964181] mce: CPU supports 0 MCE banks
[    1.967441] TSC synchronization [CPU#0 -> CPU#1]:
[    1.971283] Measured 46084 cycles TSC warp between CPUs, turning off TSC clock.
[    1.977607] tsc: Marking TSC unstable due to check_tsc_sync_source failed
[    0.478823] x86: Booted up 1 node, 2 CPUs
[    0.480003] smpboot: Total of 2 processors activated (7199.99 BogoMIPS)
[    0.488714] devtmpfs: initialized
[    0.496354] evm: security.selinux
[    0.499927] evm: security.SMACK64
[    0.500005] evm: security.SMACK64EXEC
[    0.504002] evm: security.SMACK64TRANSMUTE
[    0.508002] evm: security.SMACK64MMAP
[    0.510908] evm: security.ima
[    0.512002] evm: security.capability
[    0.516358] clocksource: jiffies: mask: 0xffffffff max_cycles: 0xffffffff, max_idle_ns: 7645041785100000 ns
[    0.520011] futex hash table entries: 512 (order: 3, 32768 bytes)
[    0.524404] pinctrl core: initialized pinctrl subsystem
[    0.528307] RTC time: 13:13:04, date: 04/23/21
[    0.533186] NET: Registered protocol family 16
[    0.548010] cpuidle: using governor ladder
[    0.564009] cpuidle: using governor menu
[    0.568177] PCCT header not found.
[    0.572156] ACPI: bus type PCI registered
[    0.576006] acpiphp: ACPI Hot Plug PCI Controller Driver version: 0.5
[    0.580401] PCI: Using configuration type 1 for base access
[    0.604392] ACPI: Added _OSI(Module Device)
[    0.608003] ACPI: Added _OSI(Processor Device)
[    0.612002] ACPI: Added _OSI(3.0 _SCP Extensions)
[    0.616002] ACPI: Added _OSI(Processor Aggregator Device)
[    0.624430] ACPI: Executed 1 blocks of module-level executable AML code
[    0.634586] ACPI: Interpreter enabled
[    0.636011] ACPI: (supports S0 S5)
[    0.640002] ACPI: Using IOAPIC for interrupt routing
[    0.644293] PCI: Using host bridge windows from ACPI; if necessary, use "pci=nocrs" and report a bug
[    0.656769] ACPI: PCI Root Bridge [PCI0] (domain 0000 [bus 00-ff])
[    0.660007] acpi PNP0A03:00: _OSC: OS supports [ASPM ClockPM Segments MSI]
[    0.668328] acpi PNP0A03:00: _OSC: not requesting OS control; OS requires [ExtendedConfig ASPM ClockPM MSI]
[    0.672009] acpi PNP0A03:00: fail to add MMCONFIG information, can't access extended PCI configuration space under this bridge.
[    0.676532] PCI host bridge to bus 0000:00
[    0.680004] pci_bus 0000:00: root bus resource [io  0x0000-0x0cf7 window]
[    0.684004] pci_bus 0000:00: root bus resource [io  0x0d00-0xffff window]
[    0.688004] pci_bus 0000:00: root bus resource [mem 0x000a0000-0x000bffff window]
[    0.692007] pci_bus 0000:00: root bus resource [mem 0x80000000-0xfdffffff window]
[    0.696005] pci_bus 0000:00: root bus resource [bus 00-ff]
[    0.706578] pci 0000:00:01.1: legacy IDE quirk: reg 0x10: [io  0x01f0-0x01f7]
[    0.708004] pci 0000:00:01.1: legacy IDE quirk: reg 0x14: [io  0x03f6]
[    0.712003] pci 0000:00:01.1: legacy IDE quirk: reg 0x18: [io  0x0170-0x0177]
[    0.716029] pci 0000:00:01.1: legacy IDE quirk: reg 0x1c: [io  0x0376]
[    0.777116] pci 0000:00:07.0: quirk: [io  0x4000-0x403f] claimed by PIIX4 ACPI
[    0.800003] pci 0000:00:07.0: quirk: [io  0x4100-0x410f] claimed by PIIX4 SMB
[    0.828251] ACPI: PCI Interrupt Link [LNKA] (IRQs 5 9 10 *11)
[    0.880415] ACPI: PCI Interrupt Link [LNKB] (IRQs 5 9 *10 11)
[    0.897121] ACPI: PCI Interrupt Link [LNKC] (IRQs 5 *9 10 11)
[    0.913361] ACPI: PCI Interrupt Link [LNKD] (IRQs 5 9 10 *11)
[    0.929495] ACPI: Enabled 2 GPEs in block 00 to 07
[    0.944275] vgaarb: setting as boot device: PCI:0000:00:02.0
[    0.948000] vgaarb: device added: PCI:0000:00:02.0,decodes=io+mem,owns=io+mem,locks=none
[    0.972006] vgaarb: loaded
[    0.976002] vgaarb: bridge control possible 0000:00:02.0
[    0.988181] SCSI subsystem initialized
[    0.996101] ACPI: bus type USB registered
[    1.004020] usbcore: registered new interface driver usbfs
[    1.012034] usbcore: registered new interface driver hub
[    1.024012] usbcore: registered new device driver usb
[    1.032391] PCI: Using ACPI for IRQ routing
[    1.040610] NetLabel: Initializing
[    1.048002] NetLabel:  domain hash size = 128
[    1.056002] NetLabel:  protocols = UNLABELED CIPSOv4
[    1.068015] NetLabel:  unlabeled traffic allowed by default
[    1.076100] amd_nb: Cannot enumerate AMD northbridges
[    1.084259] clocksource: Switched to clocksource kvm-clock
[    1.131559] AppArmor: AppArmor Filesystem Enabled
[    1.137254] pnp: PnP ACPI init
[    1.141208] pnp: PnP ACPI: found 3 devices
[    1.153601] clocksource: acpi_pm: mask: 0xffffff max_cycles: 0xffffff, max_idle_ns: 2085701024 ns
[    1.162428] NET: Registered protocol family 2
[    1.168300] TCP established hash table entries: 16384 (order: 5, 131072 bytes)
[    1.175785] TCP bind hash table entries: 16384 (order: 6, 262144 bytes)
[    1.179731] TCP: Hash tables configured (established 16384 bind 16384)
[    1.179731] UDP hash table entries: 1024 (order: 3, 32768 bytes)
[    1.179731] UDP-Lite hash table entries: 1024 (order: 3, 32768 bytes)
[    1.179731] NET: Registered protocol family 1
[    1.179731] pci 0000:00:00.0: Limiting direct PCI/PCI transfers
[    1.179731] pci 0000:00:01.0: Activating ISA DMA hang workarounds
[    1.179731] Unpacking initramfs...
[    1.179731] Freeing initrd memory: 15432K
[    1.179731] clocksource: tsc: mask: 0xffffffffffffffff max_cycles: 0x19f228ab7a2, max_idle_ns: 440795289252 ns
[    1.179731] platform rtc_cmos: registered platform RTC device (no PNP device found)
[    1.179731] Scanning for low memory corruption every 60 seconds
[    1.699266] audit: initializing netlink subsys (disabled)
[    1.705286] audit: type=2000 audit(1619183590.476:1): initialized
[    1.710899] Initialise system trusted keyring
[    1.715985] HugeTLB registered 2 MB page size, pre-allocated 0 pages
[    1.725657] zbud: loaded
[    1.730058] VFS: Disk quotas dquot_6.6.0
[    1.733480] VFS: Dquot-cache hash table entries: 512 (order 0, 4096 bytes)
[    1.739223] squashfs: version 4.0 (2009/01/31) Phillip Lougher
[    1.746966] fuse init (API version 7.23)
[    1.752309] Key type big_key registered
[    1.756329] Allocating IMA MOK and blacklist keyrings.
[    1.773451] Key type asymmetric registered
[    1.776849] Asymmetric key parser 'x509' registered
[    1.780866] Block layer SCSI generic (bsg) driver version 0.4 loaded (major 249)
[    1.787291] io scheduler noop registered
[    1.790726] io scheduler deadline registered (default)
[    1.796252] io scheduler cfq registered
[    1.800139] pci_hotplug: PCI Hot Plug PCI Core version: 0.5
[    1.806568] pciehp: PCI Express Hot Plug Controller Driver version: 0.4
[    1.813515] ACPI: AC Adapter [AC] (on-line)
[    1.817703] input: Power Button as /devices/LNXSYSTM:00/LNXPWRBN:00/input/input0
[    1.824533] ACPI: Power Button [PWRF]
[    1.827619] input: Sleep Button as /devices/LNXSYSTM:00/LNXSLPBN:00/input/input1
[    1.835219] ACPI: Sleep Button [SLPF]
[    1.839364] GHES: HEST is not enabled!
[    1.840801] ACPI: Battery Slot [BAT0] (battery present)
[    1.848837] Serial: 8250/16550 driver, 32 ports, IRQ sharing enabled
[    1.880316] 00:02: ttyS0 at I/O 0x3f8 (irq = 4, base_baud = 115200) is a 16550A
[    1.906538] Linux agpgart interface v0.103
[    1.921721] loop: module loaded
[    1.927869] scsi host0: ata_piix
[    1.933509] scsi host1: ata_piix
[    1.936925] ata1: PATA max UDMA/33 cmd 0x1f0 ctl 0x3f6 bmdma 0xd000 irq 14
[    1.940848] ata2: PATA max UDMA/33 cmd 0x170 ctl 0x376 bmdma 0xd008 irq 15
[    1.948258] libphy: Fixed MDIO Bus: probed
[    1.954020] tun: Universal TUN/TAP device driver, 1.6
[    1.958494] tun: (C) 1999-2004 Max Krasnyansky <maxk@qualcomm.com>
[    1.965296] PPP generic driver version 2.4.2
[    1.970269] ehci_hcd: USB 2.0 'Enhanced' Host Controller (EHCI) Driver
[    1.976267] ehci-pci: EHCI PCI platform driver
[    1.980904] ehci-platform: EHCI generic platform driver
[    1.985206] ohci_hcd: USB 1.1 'Open' Host Controller (OHCI) Driver
[    1.990953] ohci-pci: OHCI PCI platform driver
[    1.995104] ohci-platform: OHCI generic platform driver
[    2.000772] uhci_hcd: USB Universal Host Controller Interface driver
[    2.006036] i8042: PNP: PS/2 Controller [PNP0303:PS2K,PNP0f03:PS2M] at 0x60,0x64 irq 1,12
[    2.015946] serio: i8042 KBD port at 0x60,0x64 irq 1
[    2.021178] serio: i8042 AUX port at 0x60,0x64 irq 12
[    2.025690] mousedev: PS/2 mouse device common for all mice
[    2.031986] input: AT Translated Set 2 keyboard as /devices/platform/i8042/serio0/input/input2
[    2.041566] rtc_cmos rtc_cmos: rtc core: registered rtc_cmos as rtc0
[    2.047813] rtc_cmos rtc_cmos: alarms up to one day, 114 bytes nvram
[    2.054356] i2c /dev entries driver
[    2.057635] device-mapper: uevent: version 1.0.3
[    2.061630] device-mapper: ioctl: 4.34.0-ioctl (2015-10-28) initialised: dm-devel@redhat.com
[    2.070225] ledtrig-cpu: registered to indicate activity on CPUs
[    2.079321] NET: Registered protocol family 10
[    2.085604] NET: Registered protocol family 17
[    2.090036] Key type dns_resolver registered
[    2.094514] registered taskstats version 1
[    2.098321] Loading compiled-in X.509 certificates
[    2.102914] Loaded X.509 cert 'Build time autogenerated kernel key: cf00e047681d67edb2720680708b7d9498083038'
[    2.141592] zswap: loaded using pool lzo/zbud
[    2.147714] Key type trusted registered
[    2.155154] Key type encrypted registered
[    2.159750] AppArmor: AppArmor sha1 policy hashing enabled
[    2.165315] ima: No TPM chip found, activating TPM-bypass!
[    2.170444] ima: Allocated hash algorithm: sha1
[    2.174958] evm: HMAC attrs: 0x1
[    2.178923]   Magic number: 1:263:231
[    2.182567] rtc_cmos rtc_cmos: setting system clock to 2021-04-23 13:13:06 UTC (1619183586)
[    2.190396] BIOS EDD facility v0.16 2004-Jun-25, 0 devices found
[    2.195880] EDD information not available.
[    2.203403] Freeing unused kernel memory: 1492K
[    2.207878] Write protecting the kernel read-only data: 14336k
[    2.215017] Freeing unused kernel memory: 1584K
[    2.219484] Freeing unused kernel memory: 52K
Loading, please wait...
starting version 229
[    2.253853] random: systemd-udevd: uninitialized urandom read (16 bytes read, 5 bits of entropy available)
[    2.254476] random: udevadm: uninitialized urandom read (16 bytes read, 5 bits of entropy available)
[    2.254491] random: udevadm: uninitialized urandom read (16 bytes read, 5 bits of entropy available)
[    2.266700] random: udevadm: uninitialized urandom read (16 bytes read, 5 bits of entropy available)
[    2.266737] random: udevadm: uninitialized urandom read (16 bytes read, 5 bits of entropy available)
[    2.266936] random: udevadm: uninitialized urandom read (16 bytes read, 5 bits of entropy available)
[    2.266985] random: udevadm: uninitialized urandom read (16 bytes read, 5 bits of entropy available)
[    2.267080] random: udevadm: uninitialized urandom read (16 bytes read, 5 bits of entropy available)
[    2.267128] random: udevadm: uninitialized urandom read (16 bytes read, 5 bits of entropy available)
[    2.267172] random: udevadm: uninitialized urandom read (16 bytes read, 5 bits of entropy available)
[    2.376913] Fusion MPT base driver 3.04.20
[    2.382684] Copyright (c) 1999-2008 LSI Corporation
[    2.391722] e1000: Intel(R) PRO/1000 Network Driver - version 7.3.21-k8-NAPI
[    2.400416] e1000: Copyright (c) 1999-2006 Intel Corporation.
[    2.421203] Fusion MPT SPI Host driver 3.04.20
[    2.703771] input: ImExPS/2 Generic Explorer Mouse as /devices/platform/i8042/serio1/input/input4
[    3.154230] e1000 0000:00:03.0 eth0: (PCI:33MHz:32-bit) 02:d9:59:5c:1c:7b
[    3.161612] e1000 0000:00:03.0 eth0: Intel(R) PRO/1000 Network Connection
[    3.842132] e1000 0000:00:08.0 eth1: (PCI:33MHz:32-bit) 08:00:27:ac:1f:5d
[    3.849544] e1000 0000:00:08.0 eth1: Intel(R) PRO/1000 Network Connection
[    3.858931] e1000 0000:00:03.0 enp0s3: renamed from eth0
[    3.863657] mptbase: ioc0: Initiating bringup
[    3.882101] e1000 0000:00:08.0 enp0s8: renamed from eth1
[    3.947113] ioc0: LSI53C1030 A0: Capabilities={Initiator}
[    4.901058] scsi host2: ioc0: LSI53C1030 A0, FwRev=00000000h, Ports=1, MaxQ=256, IRQ=20
[    5.051677] scsi 2:0:0:0: Direct-Access     VBOX     HARDDISK         1.0  PQ: 0 ANSI: 5
[    5.075481] scsi target2:0:0: Beginning Domain Validation
[    5.090932] scsi target2:0:0: Domain Validation skipping write tests
[    5.097663] scsi target2:0:0: Ending Domain Validation
[    5.102618] scsi target2:0:0: asynchronous
[    5.113451] scsi 2:0:1:0: Direct-Access     VBOX     HARDDISK         1.0  PQ: 0 ANSI: 5
[    5.117397] scsi target2:0:1: Beginning Domain Validation
[    5.139302] scsi target2:0:1: Domain Validation skipping write tests
[    5.145371] scsi target2:0:1: Ending Domain Validation
[    5.151275] scsi target2:0:1: asynchronous
[    5.194313] sd 2:0:0:0: Attached scsi generic sg0 type 0
[    5.200741] sd 2:0:1:0: Attached scsi generic sg1 type 0
[    5.228695] sd 2:0:0:0: [sda] 83886080 512-byte logical blocks: (42.9 GB/40.0 GiB)
[    5.229214] sd 2:0:1:0: [sdb] 20480 512-byte logical blocks: (10.5 MB/10.0 MiB)
[    5.230233] sd 2:0:1:0: [sdb] Write Protect is off
[    5.230886] sd 2:0:1:0: [sdb] Incomplete mode parameter data
[    5.230887] sd 2:0:1:0: [sdb] Assuming drive cache: write through
[    5.249482] sd 2:0:1:0: [sdb] Attached SCSI disk
[    5.264991] sd 2:0:0:0: [sda] Write Protect is off
[    5.270591] sd 2:0:0:0: [sda] Incomplete mode parameter data
[    5.276251] sd 2:0:0:0: [sda] Assuming drive cache: write through
[    5.287997]  sda: sda1
[    5.295391] sd 2:0:0:0: [sda] Attached SCSI disk
Begin: Loading essential drivers ... [    7.019140] md: linear personality registered for level -1
[    7.030225] md: multipath personality registered for level -4
[    7.041606] md: raid0 personality registered for level 0
[    7.060936] md: raid1 personality registered for level 1
[    7.959102] raid6: sse2x1   gen() 157912 MB/s
[    9.961407] raid6: sse2x1   xor() 136075 MB/s
[   10.957502] raid6: sse2x2   gen() 205302 MB/s
[   12.027808] raid6: sse2x2   xor() 10943 MB/s
[   12.956891] raid6: sse2x4   gen() 218268 MB/s
[   13.954239] raid6: sse2x4   xor() 167829 MB/s
[   13.958989] raid6: using algorithm sse2x4 gen() 218268 MB/s
[   13.964604] raid6: .... xor() 167829 MB/s, rmw enabled
[   13.969073] raid6: using ssse3x2 recovery algorithm
[   13.977280] xor: measuring software checksum speed
[   14.020761]    prefetch64-sse: 19348.000 MB/sec
[   14.064731]    generic_sse: 17649.000 MB/sec
[   14.069290] xor: using function: prefetch64-sse (19348.000 MB/sec)
[   14.077483] async_tx: api initialized (async)
[   14.122618] md: raid6 personality registered for level 6
[   14.128551] md: raid5 personality registered for level 5
[   14.133159] md: raid4 personality registered for level 4
[   14.155976] md: raid10 personality registered for level 10
done.
Begin: Running /scripts/init-premount ... done.
Begin: Mounting root file system ... Begin: Running /scripts/local-top ... done.
Begin: Running /scripts/local-premount ... [   14.240682] Btrfs loaded
Scanning for Btrfs filesystems
done.
Warning: fsck not present, so skipping root file system
[   14.306307] EXT4-fs (sda1): INFO: recovery required on readonly filesystem
[   14.313641] EXT4-fs (sda1): write access will be enabled during recovery
[   14.392643] EXT4-fs (sda1): recovery complete
[   14.398984] EXT4-fs (sda1): mounted filesystem with ordered data mode. Opts: (null)
done.
Begin: Running /scripts/local-bottom ... done.
Begin: Running /scripts/init-bottom ... done.
[   14.620959] systemd[1]: systemd 229 running in system mode. (+PAM +AUDIT +SELINUX +IMA +APPARMOR +SMACK +SYSVINIT +UTMP +LIBCRYPTSETUP +GCRYPT +GNUTLS +ACL +XZ -LZ4 +SECCOMP +BLKID +ELFUTILS +KMOD -IDN)
[   14.636740] systemd[1]: Detected virtualization oracle.
[   14.642230] systemd[1]: Detected architecture x86-64.

Welcome to [1mUbuntu 16.04.7 LTS[0m!

[   14.658016] systemd[1]: Set hostname to <docker>.
[   14.936550] systemd[1]: Listening on Syslog Socket.
[[0;32m  OK  [0m] Listening on Syslog Socket.
[   14.947020] systemd[1]: Listening on Device-mapper event daemon FIFOs.
[[0;32m  OK  [0m] Listening on Device-mapper event daemon FIFOs.
[   14.957823] systemd[1]: Listening on udev Control Socket.
[[0;32m  OK  [0m] Listening on udev Control Socket.
[   14.967535] systemd[1]: Listening on Journal Socket.
[[0;32m  OK  [0m] Listening on Journal Socket.
[   14.978396] systemd[1]: Reached target System Time Synchronized.
[[0;32m  OK  [0m] Reached target System Time Synchronized.
[   14.988556] systemd[1]: Listening on Journal Audit Socket.
[[0;32m  OK  [0m] Listening on Journal Audit Socket.
[   14.997105] systemd[1]: Listening on Journal Socket (/dev/log).
[[0;32m  OK  [0m] Listening on Journal Socket (/dev/log).
[   15.005949] systemd[1]: Reached target Swap.
[[0;32m  OK  [0m] Reached target Swap.
[   15.015462] systemd[1]: Set up automount Arbitrary Executable File Formats File System Automount Point.
[[0;32m  OK  [0m] Set up automount Arbitrary Executab...ats File System Automount Point.
[   15.033074] systemd[1]: Listening on LVM2 poll daemon socket.
[[0;32m  OK  [0m] Listening on LVM2 poll daemon socket.
[   15.045631] systemd[1]: Listening on udev Kernel Socket.
[[0;32m  OK  [0m] Listening on udev Kernel Socket.
[   15.056666] systemd[1]: Started Trigger resolvconf update for networkd DNS.
[[0;32m  OK  [0m] Started Trigger resolvconf update for networkd DNS.
[   15.068029] systemd[1]: Created slice User and Session Slice.
[[0;32m  OK  [0m] Created slice User and Session Slice.
[   15.078824] systemd[1]: Listening on /dev/initctl Compatibility Named Pipe.
[[0;32m  OK  [0m] Listening on /dev/initctl Compatibility Named Pipe.
[   15.090554] systemd[1]: Created slice System Slice.
[[0;32m  OK  [0m] Created slice System Slice.
[   15.109050] systemd[1]: Starting Journal Service...
         Starting Journal Service...
[   15.124401] systemd[1]: Mounting Huge Pages File System...
         Mounting Huge Pages File System...
[   15.140632] systemd[1]: Reached target Slices.
[[0;32m  OK  [0m] Reached target Slices.
[   15.164664] systemd[1]: Starting Load Kernel Modules...
         Starting Load Kernel Modules...
[   15.182847] systemd[1]: Starting Set console keymap...
         Starting Set console keymap...
[   15.197860] systemd[1]: Starting Nameserver information manager...
[   15.215017] Loading iSCSI transport class v2.0-870.
         Starting Nameserver information manager...
[   15.233133] systemd[1]: Mounting Debug File System...
         Mounting Debug File System...
[   15.250414] systemd[1]: Mounting POSIX Message Queue File System...
         Mounting POSIX Message Queue File System...
[   15.263343] iscsi: registered transport (tcp)
[   15.263693] systemd[1]: Reached target User and Group Name Lookups.
[[0;32m  OK  [0m] Reached target User and Group Name Lookups.
[   15.280394] systemd[1]: Starting Uncomplicated firewall...
         Starting Uncomplicated firewall...
[   15.297064] systemd[1]: Created slice system-serial\x2dgetty.slice.
[[0;32m  OK  [0m] Created slice system-serial\x2dgetty.slice.
[   15.309581] systemd[1]: Listening on LVM2 metadata daemon socket.
[[0;32m  OK  [0m] Listening on LVM2 metadata daemon socket.
[   15.344945] systemd[1]: Starting Monitoring of LVM2 mirrors, snapshots etc. using dmeventd or progress polling...
         Starting Monitoring of LVM2 mirrors... dmeventd or progress polling...
[   15.373352] systemd[1]: Starting Remount Root and Kernel File Systems...
         [   15.386731] EXT4-fs (sda1): re-mounted. Opts: (null)
Starting Remount Root and Kernel File Systems...
[   15.393970] systemd[1]: Starting Create list of required static device nodes for the current kernel...
         Starting Create list of required st... nodes for the current kernel...
[   15.421776] iscsi: registered transport (iser)
[   15.425239] systemd[1]: Started Forward Password Requests to Wall Directory Watch.
[[0;32m  OK  [0m] Started Forward Password Requests to Wall Directory Watch.
[   15.439337] systemd[1]: Reached target Encrypted Volumes.
[[0;32m  OK  [0m] Reached target Encrypted Volumes.
[   15.461790] systemd[1]: Mounted Huge Pages File System.
[[0;32m  OK  [0m] Mounted Huge Pages File System.
[   15.476087] systemd[1]: Mounted Debug File System.
[[0;32m  OK  [0m] Mounted Debug File System.
[   15.487440] systemd[1]: Mounted POSIX Message Queue File System.
[[0;32m  OK  [0m] Mounted POSIX Message Queue File System.
[   15.499345] systemd[1]: Started Journal Service.
[[0;32m  OK  [0m] Started Journal Service.
[[0;32m  OK  [0m] Started Load Kernel Modules.
[[0;32m  OK  [0m] Started Set console keymap.
[[0;32m  OK  [0m] Started Uncomplicated firewall.
[[0;32m  OK  [0m] Started Remount Root and Kernel File Systems.
[[0;32m  OK  [0m] Started Create list of required sta...ce nodes for the current kernel.
[[0;32m  OK  [0m] Started Nameserver information manager.
[[0;32m  OK  [0m] Started LVM2 metadata daemon.
         Starting Create Static Device Nodes in /dev...
         Starting udev Coldplug all Devices...
         Starting Load/Save Random Seed...
         Mounting FUSE Control File System...
         Starting Apply Kernel Variables...
         Starting Flush Journal to Persistent Storage...
[[0;32m  OK  [0m] Mounted FUSE Control File System.
[   15.636028] systemd-journald[358]: Received request to flush runtime journal from PID 1
[[0;32m  OK  [0m] Started Flush Journal to Persistent Storage.
[[0;32m  OK  [0m] Started Create Static Device Nodes in /dev.
[[0;32m  OK  [0m] Started Load/Save Random Seed.
[[0;32m  OK  [0m] Started Apply Kernel Variables.
[[0;32m  OK  [0m] Started Monitoring of LVM2 mirrors,...ng dmeventd or progress polling.
         Starting udev Kernel Device Manager...
[[0;32m  OK  [0m] Reached target Local File Systems (Pre).
[[0;32m  OK  [0m] Reached target Local File Systems.
         Starting Set console font and keymap...
         Starting Tell Plymouth To Write Out Runtime Data...
         Starting LSB: AppArmor initialization...
         Starting Initial cloud-init job (pre-networking)...
         Mounting /vagrant...
         Starting Create Volatile Files and Directories...
[[0;32m  OK  [0m] Started Tell Plymouth To Write Out Runtime Data.
[[0;1;31mFAILED[0m] Failed to mount /vagrant.
See 'systemctl status vagrant.mount' for details.
[[0;32m  OK  [0m] Started Create Volatile Files and Directories.
         Starting Update UTMP about System Boot/Shutdown...
[[0;32m  OK  [0m] Started udev Kernel Device Manager.
[[0;32m  OK  [0m] Started udev Coldplug all Devices.
[[0;32m  OK  [0m] Started Dispatch Password Requests to Console Directory Watch.
[[0;32m  OK  [0m] Started Update UTMP about System Boot/Shutdown.
[[0;32m  OK  [0m] Started LSB: AppArmor initialization.
         Starting Load AppArmor profiles managed internally by snapd...
[[0;32m  OK  [0m] Started Load AppArmor profiles managed internally by snapd.
[[0;32m  OK  [0m] Found device /dev/ttyS0.
[[0;32m  OK  [0m] Listening on Load/Save RF Kill Switch Status /dev/rfkill Watch.
[[0;32m  OK  [0m] Found device 82540EM Gigabit Ethern...r (PRO/1000 MT Desktop Adapter).
[[0;32m  OK  [0m] Found device 82540EM Gigabit Ethern...r (PRO/1000 MT Desktop Adapter).
[   17.866031] cloud-init[469]: Cloud-init v. 20.4.1-0ubuntu1~16.04.1 running 'init-local' at Fri, 23 Apr 2021 13:13:21 +0000. Up 17.47 seconds.
[[0;32m  OK  [0m] Started Initial cloud-init job (pre-networking).
[[0;32m  OK  [0m] Started Set console font and keymap.
[[0;32m  OK  [0m] Created slice system-getty.slice.
[[0;32m  OK  [0m] Reached target Network (Pre).
[[0;32m  OK  [0m] Started ifup for enp0s3.
[[0;32m  OK  [0m] Started ifup for enp0s8.
         Starting Raise network interfaces...
[[0;32m  OK  [0m] Started Raise network interfaces.
[[0;32m  OK  [0m] Reached target Network.
         Starting Initial cloud-init job (metadata service crawler)...
[   19.116450] cloud-init[1054]: Cloud-init v. 20.4.1-0ubuntu1~16.04.1 running 'init' at Fri, 23 Apr 2021 13:13:23 +0000. Up 18.84 seconds.
[   19.137413] cloud-init[1054]: ci-info: ++++++++++++++++++++++++++++++++++++++Net device info+++++++++++++++++++++++++++++++++++++++
[   19.158916] cloud-init[1054]: ci-info: +--------+------+-----------------------------+---------------+--------+-------------------+
[   19.167263] [[0;32m  OK  [0m] Started Initial cloud-init job (metadata service crawler).
[[0;32m  OK  [0m] Reached target Network is Online.
cloud-init[1054]: ci-info: | Device |  Up  |           Address           |      Mask     | Scope  |     Hw-Address    |
[   19.179810] cloud-init[1054]: ci-info: +--------+------+-----------------------------+---------------+--------+-------------------+
[   19.187906] cloud-init[1054]: ci-info: | enp0s3 | True |          10.0.2.15          | 255.255.255.0 | global | 02:d9:59:5c:1c:7b |         Starting iSCSI initiator daemon (iscsid)...
[[0;32m  OK  [0m] Reached target System Initialization.

[   19.203134] [[0;32m  OK  [0m] Started Message of the Day.
[[0;32m  OK  [0m] Listening on ACPID Listen Socket.
[[0;32m  OK  [0m] Listening on UUID daemon activation socket.
         Starting Docker Socket for the API.
         Starting LXD - unix socket.
[[0;32m  OK  [0m] Started ACPI Events Check.
[[0;32m  OK  [0m] Reached target Paths.
[[0;32m  OK  [0m] Listening on D-Bus System Message Bus Socket.
[[0;32m  OK  [0m] Started Daily Cleanup of Temporary Directories.
         Starting Socket activation for snappy daemon.
[[0;32m  OK  [0m] Started Daily apt download activities.
[[0;32m  OK  [0m] Started Daily apt upgrade and clean activities.
[[0;32m  OK  [0m] Reached target Timers.
[[0;32m  OK  [0m] Reached target Cloud-config availability.
[[0;32m  OK  [0m] Listening on Docker Socket for the API.
[[0;32m  OK  [0m] Listening on LXD - unix socket.
[[0;32m  OK  [0m] Listening on Socket activation for snappy daemon.
[[0;32m  OK  [0m] Reached target Sockets.
[[0;32m  OK  [0m] Reached target Basic System.
         Starting LSB: Record successful boot for GRUB...
         Starting Login Service...
         Starting Virtualbox guest utils...
         Starting LSB: MD monitoring daemon...
[[0;32m  OK  [0m] Started FUSE filesystem for LXC.
         Starting System Logging Service...
         Starting containerd container runtime...
[[0;32m  OK  [0m] Started D-Bus System Message Bus.
cloud-init[1054]: ci-info: | enp0s3 | True |  fe80::d9:59ff:fe5c:1c7b/64 |       .       |  link  | 02:d9:59:5c:1c:7b |
[   19.268506] cloud-init[1054]: ci-info: | enp0s8 | True |         10.62.105.70        | 255.255.255.0 | global | 08:00:27:ac:1f:5d |
[   19.281906] cloud-init[1054]: ci-info: | enp0s8 | True | fe80::a00:27ff:feac:1f5d/64 |       .       |  link  | 08:00:27:ac:1f:5d |
[   19.310004] cloud-init[1054]: ci-info: |   lo   | True |          127.0.0.1          |   255.0.0.0   |  host  |         .         |
[   19.321205] cloud-init[1054]: ci-info: |   lo   | True |           ::1/128           |       .       |  host  |         .         |
         Starting Message of the Day...
[   19.337565]          Starting OpenBSD Secure Shell server...
         Starting LXD - container startup/shutdown...
[[0;32m  OK  [0m] Started ACPI event daemon.
[[0;32m  OK  [0m] Started Deferred execution scheduler.
cloud-init[[0;32m  OK  [0m] Started Regular background program processing daemon.
         Starting /etc/rc.local Compatibility...
         Starting Accounts Service...
         Starting Snap Daemon...
[[0;32m  OK  [0m] Started System Logging Service.
[[0;32m  OK  [0m] Started iSCSI initiator daemon (iscsid).
[[0;32m  OK  [0m] Started Message of the Day.
[[0;32m  OK  [0m] Started /etc/rc.local Compatibility.
[1054]: ci-info: +--------+------+-----------------------------+---------------+--------+-------------------+
[   19.410178] cloud-init[1054]: ci-info: +++++++++++++++++++++++++++Route IPv4 info++++++++++++++++++++++++++++
         Starting Login to default iSCSI targets...
[[0;32m  OK  [0m] Started Login Service.
[[0;32m  OK  [0m] Started Unattended Upgrades Shutdown.
[   19.422444] cloud-init[1054]: ci-info: +-------+-------------+----------+---------------+-----------+-------+
[   19.503777] [[0;32m  OK  [0m] Started LSB: MD monitoring daemon.
[[0;32m  OK  [0m] Started LSB: Record successful boot for GRUB.
cloud-init[1054]: ci-info: | Route | Destination | Gateway  |    Genmask    | Interface | Flags |
[   19.539778] cloud-init[1054]: ci-info: +-------+-------------+----------+---------------+-----------+-------+
[   19.571066] cloud-init[1054]: ci-info: |   0   |   0.0.0.0   | 10.0.2.2 |    0.0.0.0    |   enp0s3  |   UG  |
[   19.587397] cloud-init[1054]: ci-info: |   1   |   10.0.2.0  | 0.0.0.0  | 255.255.255.0 |   enp0s3  |   U   |[[0;32m  OK  [0m] Started OpenBSD Secure Shell server.

[[0;32m  OK  [0m] Started Login to default iSCSI targets.
[[0;32m  OK  [0m] Reached target Remote File Systems (Pre).
[[0;32m  OK  [0m] Reached target Remote File Systems.
         Starting Permit User Sessions...
         Starting LSB: daemon to balance interrupts for SMP systems...
         Starting LSB: automatic crash report generation...
         Starting LSB: Set the CPU Frequency Scaling governor to "ondemand"...
[[0;32m  OK  [0m] Started Permit User Sessions.
         Starting Terminate Plymouth Boot Screen...
         Starting Hold until boot process finishes up...
[[0;32m  OK  [0m] Started Hold until boot process finishes up.
[[0;32m  OK  [0m] Started Serial Getty on ttyS0.
         Starting Set console scheme...
[[0;32m  OK  [0m] Started Getty on tty1.
[[0;32m  OK  [0m] Reached target Login Prompts.
[[0;32m  OK  [0m] Started Set console scheme.
[   19.711396] [[0;32m  OK  [0m] Started Terminate Plymouth Boot Screen.
cloud-init[[0;32m  OK  [0m] Started LSB: Set the CPU Frequency Scaling governor to "ondemand".
[1054]: ci-info: |   2   | 10.62.105.0 | 0.0.0.0  | 255.255.255.0 |   enp0s8  |   U   |
[   19.759271] cloud-init[1054]: ci-info: +-------+-------------+----------+---------------+-----------+-------+         Starting Authenticate and Authorize Users to Run Privileged Tasks...

[   19.865547] [[0;32m  OK  [0m] Started LSB: daemon to balance interrupts for SMP systems.
cloud-init[1054]: ci-info: +++++++++++++++++++Route IPv6 info+++++++++++++++++++
[[0;32m  OK  [0m] Started Virtualbox guest utils.
[   19.939964] cloud-init[1054]: ci-info: +-------+-------------+---------+-----------+-------+
[[0;32m  OK  [0m] Started LSB: automatic crash report generation.
[[0;32m  OK  [0m] Started Authenticate and Authorize Users to Run Privileged Tasks.
[[0;32m  OK  [0m] Started Accounts Service.
[   19.994063] cloud-init[1054]: ci-info: | Route | Destination | Gateway | Interface | Flags |
[   20.044237] cloud-init[1054]: ci-info: +-------+-------------+---------+-----------+-------+
[   20.095982] cloud-init[1054]: ci-info: |   0   |  fe80::/64  |    ::   |   enp0s8  |   U   |
[   20.124522] cloud-init[1054]: ci-info: |   1   |  fe80::/64  |    ::   |   enp0s3  |   U   |
[   20.168758] [[0;32m  OK  [0m] Started LXD - container startup/shutdown.
cloud-init[1054]: ci-info: |   4   |   ff00::/8  |    ::   |   enp0s8  |   U   |
[   20.223562] cloud-init[1054]: ci-info: |   5   |   ff00::/8  |    ::   |   enp0s3  |   U   |
[   20.253007] cloud-init[1054]: ci-info: +-------+-------------+---------+-----------+-------+
[[0;32m  OK  [0m] Started Snap Daemon.
         Starting Wait until snapd is fully seeded...
[[0;32m  OK  [0m] Started Wait until snapd is fully seeded.
         Starting Apply the settings specified in cloud-config...
[[0;32m  OK  [0m] Started containerd container runtime.
         Starting Docker Application Container Engine...
[   22.109965] cloud-init[1336]: Cloud-init v. 20.4.1-0ubuntu1~16.04.1 running 'modules:config' at Fri, 23 Apr 2021 13:13:26 +0000. Up 21.90 seconds.
[[0;32m  OK  [0m] Started Apply the settings specified in cloud-config.
[[0;32m  OK  [0m] Started Docker Application Container Engine.
[[0;32m  OK  [0m] Reached target Multi-User System.
         Starting Execute cloud user/final scripts...
[[0;32m  OK  [0m] Reached target Graphical Interface.
         Starting Update UTMP about System Runlevel Changes...
[[0;32m  OK  [0m] Started Update UTMP about System Runlevel Changes.
[   23.775171] cloud-init[1540]: Cloud-init v. 20.4.1-0ubuntu1~16.04.1 running 'modules:final' at Fri, 23 Apr 2021 13:13:27 +0000. Up 23.62 seconds.
[   23.787085] cloud-init[1540]: Cloud-init v. 20.4.1-0ubuntu1~16.04.1 finished at Fri, 23 Apr 2021 13:13:28 +0000. Datasource DataSourceNoCloud [seed=/dev/sdb][dsmode=net].  Up 23.76 seconds
[[0;32m  OK  [0m] Started Execute cloud user/final scripts.
[[0;32m  OK  [0m] Reached target Cloud-init target.

Ubuntu 16.04.7 LTS docker ttyS0

docker login: 